1. Lot identification number is not specified or exists more than once. /CreditNote/cac:CreditNoteLine[1]/cac:Item[1]/cac:ItemInstance[1]/cac:LotIdentification[1] / count (cbc:LotNumberID) = 1 (:NABT-915 Row 301 Tab 'Invoice, Credit Note':)
Count of data errors: 1
