1. More than one item price discount exists. /Invoice/cac:InvoiceLine[1]/cac:Price[1] / count (cac:AllowanceCharge/cbc:Amount) &lt;= 1 (:NABT-147 Row 273 Tab 'Invoice, Credit Note':)
Count of data errors: 1
