1. Deliver to Country Code is invalid. /Invoice/cac:Delivery[1]/cac:DeliveryLocation[1]/cac:Address[1] / bpc:codelist(cac:Country/cbc:IdentificationCode,'ISO-3166') (:NABT-080 Row 135 Tab 'Invoice, Credit Note':)
Count of data errors: 1
