1. Document Currency Code not specified or value specified is not allowed. /Invoice / bpc:codelist(cbc:DocumentCurrencyCode,'ISO-4217') (:NABT-005 Row 9 Tab 'Invoice, Credit Note':)
Count of data errors: 1
