1. Scheme Identifier does not exist when Supplier - Accounts ReceivableLegal Registration Identifier is provided. /Invoice/cac:AccountingSupplierParty[1]/cac:Party[1]/cac:PartyLegalEntity[1]/cbc:CompanyID[1] / count (@schemeID) = 1 (:NABT-030-1 Row 53 Tab 'Invoice, Credit Note':)
Count of data errors: 1
