1. Purchase Order Line Number exists more than once. /CreditNote/cac:CreditNoteLine[1] / count (cac:OrderLineReference/cbc:LineID) &lt;=1 (:NABT-132 Row 223 Tab 'Invoice, Credit Note':)
Count of data errors: 1
