1. Supplier - Seller electronic address scheme identifier is not specified or exists more than once if Supplier - Seller electronic address is provided. /Invoice/cac:SellerSupplierParty[1]/cac:Party[1]/cbc:EndpointID[1] / count(@schemeID) =1 (:NABT-969 Row 94 Tab 'Invoice, Credit Note':)
Count of data errors: 1
