1. Scheme Identifier does not exist when Product/Service Code is provided. /CreditNote/cac:CreditNoteLine[1]/cac:Item[1]/cac:StandardItemIdentification[1]/cbc:ID[1] / count (@schemeID) = 1 (:NABT-157-1 Row 293 Tab 'Invoice, Credit Note':)
Count of data errors: 1
