1. Specification Identifier not specified or value specified is not valid. /Invoice / normalize-space(cbc:CustomizationID) = 'urn:oasis:names:specification:ubl:schema:xsd:Invoice-2::Invoice##bpc-1.0-data-Minimum' (:NABT-024 Row 40 Tab 'Invoice, Credit Note':)
Count of data errors: 1
