1. Document Line Deliver to Country Code is invalid. /CreditNote/cac:CreditNoteLine[1]/cac:Delivery[1]/cac:DeliveryLocation[1]/cac:Address[1] / bpc:codelist(cac:Country/cbc:IdentificationCode,'ISO-3166') (:NABT-930 Row 245 Tab 'Invoice, Credit Note':)
Count of data errors: 1
